Calculating task graph as no cached configuration is available for tasks: :composeApp:assembleDebug
Type-safe project accessors is an incubating feature.

[Incubating] Problems report is available at: file:///C:/Kotlin%20-%20Android%20Studio/CMP%20Otter/Transportation_Driver/build/reports/problems/problems-report.html
.\gradlew.bat : 
En línea: 1 Carácter: 1
+ .\gradlew.bat 
:composeApp:assembleDebug 
--console=plain > build_error 
...
+ ~~~~~~~~~~~~~~~~~~~~~~~~~~~~
~~~~~~~~~~~~~~~~~~~~~~~~~~~~~~
~~~~~~~~~~~
    + CategoryInfo          : 
    NotSpecified: (:String)   
  [], RemoteException
    + FullyQualifiedErrorId : 
    NativeCommandError
 
FAILURE: Build failed with an 
exception.

* What went wrong:
A problem occurred 
configuring root project 
'Transportation_Driver'.
> Could not resolve all 
artifacts for configuration 
'classpath'.
   > Could not resolve com.and
roid.tools.build:gradle:8.11.2
.
     Required by:
         root project : > com.
android.application:com.androi
d.application.gradle.plugin:8.
11.2
         root project : > com.
android.library:com.android.li
brary.gradle.plugin:8.11.2
      > Dependency requires 
at least JVM runtime version 
11. This build uses a Java 8 
JVM.

* Try:
> Run this build using a Java 
11 or newer JVM.
> Run with --stacktrace 
option to get the stack trace.
> Run with --info or --debug 
option to get more log output.
> Run with --scan to get full 
insights.
> Get more help at 
https://help.gradle.org.

Deprecated Gradle features were used in this build, making it incompatible with Gradle 9.0.

You can use '--warning-mode all' to show the individual deprecation warnings and determine if they come from your own scripts or plugins.

For more on this, please refer to https://docs.gradle.org/8.14.3/userguide/command_line_interface.html#sec:command_line_warnings in the Gradle documentation.

BUILD FAILED in 1s
Configuration cache entry stored.
